RS09#sh ipv6  int bri
GigabitEthernet1       [up/up]
    unassigned
GigabitEthernet2       [up/up]
    FE80::250:56FF:FE97:6C59
    2024:192:168:1::9
GigabitEthernet3       [up/up]
    FE80::250:56FF:FE97:9359
    2024:192:168:2::9
RS09#show run
Building configuration...

Current configuration : 6432 bytes
!
! Last configuration change at 15:16:53 UTC Thu May 23 2024
!
version 17.12
service timestamps debug datetime msec
service timestamps log datetime msec
platform qfp utilization monitor load 80
platform punt-keepalive disable-kernel-core
platform sslvpn use-pd
platform console virtual
!
hostname RS09
!
boot-start-marker
boot-end-marker
!
!
no aaa new-model
!
!
!
!
!
!
!
!
!
!
!
!
no ip domain lookup
ip domain name dcloud.cisco.com
!
!
!
login on-success log
!
!
subscriber templating
ipv6 unicast-routing
vtp version 1
multilink bundle-name authenticated
!
pae
!
!
crypto pki trustpoint TP-self-signed-2686908722
 enrollment selfsigned
 subject-name cn=IOS-Self-Signed-Certificate-2686908722
 revocation-check none
 rsakeypair TP-self-signed-2686908722
 hash sha256
!
crypto pki trustpoint SLA-TrustPoint
 enrollment pkcs12
 revocation-check crl
 hash sha256
!
!
crypto pki certificate chain TP-self-signed-2686908722
 certificate self-signed 01
  30820330 30820218 A0030201 02020101 300D0609 2A864886 F70D0101 0B050030 
  31312F30 2D060355 04030C26 494F532D 53656C66 2D536967 6E65642D 43657274 
  69666963 6174652D 32363836 39303837 3232301E 170D3233 31313330 30383439 
  32375A17 0D333331 31323930 38343932 375A3031 312F302D 06035504 030C2649 
  4F532D53 656C662D 5369676E 65642D43 65727469 66696361 74652D32 36383639 
  30383732 32308201 22300D06 092A8648 86F70D01 01010500 0382010F 00308201 
  0A028201 01009BCD 4D845081 F33BE1C2 C9CC0AD6 9E71BB37 35AECD85 73A90F08 
  EA8188CC 9C762911 3E6FCA64 1C2ACC87 262E33A3 4528F4BE 9C276E3E 78CAB858 
  F4C41880 9E48DB6A DBF5B483 D5FA7E5C A0A37795 EAF3E7E2 BDD3F531 6378ED5D 
  B9A0A138 E63D5A7C 85CC6606 EB05BB98 973C5C1C DF2DC78E 56BCA848 5ABF9DDD 
  CEE44707 65DB2E4F 454AB1CF 13024218 ADD80FF1 5B5EAA40 99A42549 B043E54B 
  2F440F7F 927362A9 68D16A52 F3B1D88D 34373B7B FA05C174 1EE6D2DD 53E62285 
  3B99F486 94772C73 9F0DB55A CAF7832C D02DA1D6 06054FEB 2DE841BF FC21FC91 
  85CE534A 6A189DEB FD6CD094 52D5EB7E 404A70F2 3176980C C06BF857 F712B533 
  E450C481 48150203 010001A3 53305130 1D060355 1D0E0416 0414A783 C3BBD38B 
  3EC897B2 B0A4141B 33B10002 888B301F 0603551D 23041830 168014A7 83C3BBD3 
  8B3EC897 B2B0A414 1B33B100 02888B30 0F060355 1D130101 FF040530 030101FF 
  300D0609 2A864886 F70D0101 0B050003 82010100 2D8C5D0C 4C0142F1 05BC8E4E 
  A8E72A0D 8C0CAEEA F4AD5D8D 6154AC75 C31FD3A8 C684CAAA 744AD76A FE9648E7 
  CC28F55F B30D532A 84FA752E 4D1DCBF6 6CAF2C24 75FC120F DDDD183B 3D132726 
  5AC62F5F F0308BEE 2C6DB5BE DCD34FCA C4BD6AFB 4F67699E 7D8A20A3 D1A2C171 
  B3371CEC E327BF15 3C266690 49B962F7 FE833541 C3B62507 467AB1F3 F60CA2C5 
  DE92C5C8 708F49C0 5F09FB29 9BDA0206 D304BEDC 6C0C921C 03D7CCC4 07D7A2F5 
  0CB7AF22 B3BED7C4 03299425 40CF4043 EE5DF94A 87C4513E 4C748E8C BFC0A30A 
  3DFCAD28 5C1DC19C 5ED4BC77 1ECA5DC5 E936C7AD 0012D2E9 A7A4E2B8 37D830E8 
  56BF8E0E 1E4E2AFC 01B26574 34941291 46760D90
  	quit
crypto pki certificate chain SLA-TrustPoint
 certificate ca 01
  30820321 30820209 A0030201 02020101 300D0609 2A864886 F70D0101 0B050030 
  32310E30 0C060355 040A1305 43697363 6F312030 1E060355 04031317 43697363 
  6F204C69 63656E73 696E6720 526F6F74 20434130 1E170D31 33303533 30313934 
  3834375A 170D3338 30353330 31393438 34375A30 32310E30 0C060355 040A1305 
  43697363 6F312030 1E060355 04031317 43697363 6F204C69 63656E73 696E6720 
  526F6F74 20434130 82012230 0D06092A 864886F7 0D010101 05000382 010F0030 
  82010A02 82010100 A6BCBD96 131E05F7 145EA72C 2CD686E6 17222EA1 F1EFF64D 
  CBB4C798 212AA147 C655D8D7 9471380D 8711441E 1AAF071A 9CAE6388 8A38E520 
  1C394D78 462EF239 C659F715 B98C0A59 5BBB5CBD 0CFEBEA3 700A8BF7 D8F256EE 
  4AA4E80D DB6FD1C9 60B1FD18 FFC69C96 6FA68957 A2617DE7 104FDC5F EA2956AC 
  7390A3EB 2B5436AD C847A2C5 DAB553EB 69A9A535 58E9F3E3 C0BD23CF 58BD7188 
  68E69491 20F320E7 948E71D7 AE3BCC84 F10684C7 4BC8E00F 539BA42B 42C68BB7 
  C7479096 B4CB2D62 EA2F505D C7B062A4 6811D95B E8250FC4 5D5D5FB8 8F27D191 
  C55F0D76 61F9A4CD 3D992327 A8BB03BD 4E6D7069 7CBADF8B DF5F4368 95135E44 
  DFC7C6CF 04DD7FD1 02030100 01A34230 40300E06 03551D0F 0101FF04 04030201 
  06300F06 03551D13 0101FF04 05300301 01FF301D 0603551D 0E041604 1449DC85 
  4B3D31E5 1B3E6A17 606AF333 3D3B4C73 E8300D06 092A8648 86F70D01 010B0500 
  03820101 00507F24 D3932A66 86025D9F E838AE5C 6D4DF6B0 49631C78 240DA905 
  604EDCDE FF4FED2B 77FC460E CD636FDB DD44681E 3A5673AB 9093D3B1 6C9E3D8B 
  D98987BF E40CBD9E 1AECA0C2 2189BB5C 8FA85686 CD98B646 5575B146 8DFC66A8 
  467A3DF4 4D565700 6ADF0F0D CF835015 3C04FF7C 21E878AC 11BA9CD2 55A9232C 
  7CA7B7E6 C1AF74F6 152E99B7 B1FCF9BB E973DE7F 5BDDEB86 C71E3B49 1765308B 
  5FB0DA06 B92AFE7F 494E8A9E 07B85737 F3A58BE1 1A48A229 C37C1E69 39F08678 
  80DDCD16 D6BACECA EEBC7CF9 8428787B 35202CDC 60E4616A B623CDBD 230E3AFB 
  418616A9 4093E049 4D10AB75 27E86F73 932E35B5 8862FDAE 0275156F 719BB2F0 
  D697DF7F 28
  	quit
!
!
license udi pid C8000V sn 9UTV0ZSHZZS
memory free low-watermark processor 202948
diagnostic bootup level minimal
!
!
!
username admin privilege 15 secret 9 $9$O/qFBNaJ/YZb3.$PwXJCAOmTq4cqfYlhvUd8pg.Wh1ZlWzRwLRXNs.xHSk
!
redundancy
!
!
!
!
!
!
!
!
interface GigabitEthernet1
 ip dhcp client client-id GigabitEthernet1
 ip address dhcp
 negotiation auto
!
interface GigabitEthernet2
 no ip address
 negotiation auto
 ipv6 address 2024:192:168:1::9/80
 ipv6 ospf 1 area 0
!
interface GigabitEthernet3
 no ip address
 negotiation auto
 ipv6 address 2024:192:168:2::9/80
 ipv6 ospf 1 area 0
 ipv6 ospf priority 0
!
router ospfv3 1
 router-id 192.168.1.9
 !
 address-family ipv6 unicast
  passive-interface GigabitEthernet2
 exit-address-family
!
router bgp 6939
 bgp router-id 192.168.1.9
 bgp log-neighbor-changes
 neighbor 2024:192:168:1::13 remote-as 13
 neighbor 2024:192:168:2::1 remote-as 6939
 neighbor 2024:192:168:2::2 remote-as 6939
 !
 address-family ipv4
  no neighbor 2024:192:168:1::13 activate
  no neighbor 2024:192:168:2::1 activate
  no neighbor 2024:192:168:2::2 activate
 exit-address-family
 !
 address-family ipv6
  neighbor 2024:192:168:1::13 activate
  neighbor 2024:192:168:2::1 activate
  neighbor 2024:192:168:2::2 activate
 exit-address-family
!
ip forward-protocol nd
!
no ip http server
no ip http secure-server
ip ssh bulk-mode 131072
ip ssh rsa keypair-name ssh-key
!
!
!
!
!
control-plane
!
!
line con 0
 stopbits 1
line aux 0
line vty 0 4
 timeout login response 300
 privilege level 15
 logging synchronous
 no login
 transport input all
!
!
!
!
!
!
!
end

RS09#sh ipv6 route
IPv6 Routing Table - default - 10 entries
Codes: C - Connected, L - Local, S - Static, U - Per-user Static route
       B - BGP, R - RIP, H - NHRP, HG - NHRP registered
       Hg - NHRP registration summary, HE - NHRP External, I1 - ISIS L1
       I2 - ISIS L2, IA - ISIS interarea, IS - ISIS summary, D - EIGRP
       EX - EIGRP external, ND - ND Default, NDp - ND Prefix, DCE - Destination
       NDr - Redirect, O - OSPF Intra, OI - OSPF Inter, OE1 - OSPF ext 1
       OE2 - OSPF ext 2, ON1 - OSPF NSSA ext 1, ON2 - OSPF NSSA ext 2
       a - Application, m - OMP
B   2024:11::11/128 [200/0], tag 11
     via 2024:192:168:1::11
B   2024:12::12/128 [200/0], tag 12
     via 2024:192:168:1::12
B   2024:13::13/128 [20/0], tag 13
     via FE80::250:56FF:FE97:6C43, GigabitEthernet2
C   2024:192:168:1::/80 [0/0]
     via GigabitEthernet2, directly connected
L   2024:192:168:1::9/128 [0/0]
     via GigabitEthernet2, receive
C   2024:192:168:2::/80 [0/0]
     via GigabitEthernet3, directly connected
L   2024:192:168:2::9/128 [0/0]
     via GigabitEthernet3, receive
OI  2024:192:168:3::1/128 [110/1]
     via FE80::250:56FF:FE97:9351, GigabitEthernet3
OI  2024:192:168:3::2/128 [110/1]
     via FE80::250:56FF:FE97:6C52, GigabitEthernet3
L   FF00::/8 [0/0]
     via Null0, receive
RS09#sh bgp ipv6 unicast summary
BGP router identifier 192.168.1.9, local AS number 6939
BGP table version is 10, main routing table version 10
3 network entries using 816 bytes of memory
5 path entries using 800 bytes of memory
3/3 BGP path/bestpath attribute entries using 888 bytes of memory
2 BGP rrinfo entries using 80 bytes of memory
3 BGP AS-PATH entries using 72 bytes of memory
0 BGP route-map cache entries using 0 bytes of memory
0 BGP filter-list cache entries using 0 bytes of memory
BGP using 2656 total bytes of memory
BGP activity 6/3 prefixes, 10/5 paths, scan interval 60 secs
3 networks peaked at 14:27:42 May 23 2024 UTC (16:58:24.498 ago)

Neighbor        V           AS MsgRcvd MsgSent   TblVer  InQ OutQ Up/Down  State/PfxRcd
2024:192:168:1::13
                4           13    1180    1177       10    0    0 17:44:40        1
2024:192:168:2::1
                4         6939    1131    1133       10    0    0 17:04:29        2
2024:192:168:2::2
                4         6939    1132    1130       10    0    0 17:03:54        2
RS09#sh bgp ipv6 unicast
BGP table version is 10, local router ID is 192.168.1.9
Status codes: s suppressed, d damped, h history, * valid, > best, i - internal, 
              r RIB-failure, S Stale, m multipath, b backup-path, f RT-Filter, 
              x best-external, a additional-path, c RIB-compressed, 
              t secondary path, L long-lived-stale,
Origin codes: i - IGP, e - EGP, ? - incomplete
RPKI validation codes: V valid, I invalid, N Not found

     Network          Next Hop            Metric LocPrf Weight Path
 * i  2024:11::11/128  2024:192:168:1::11
                                                0    100      0 11 ?
 *>i                   2024:192:168:1::11
                                                0    100      0 11 ?
 * i  2024:12::12/128  2024:192:168:1::12
                                                0    100      0 12 ?
 *>i                   2024:192:168:1::12
                                                0    100      0 12 ?
 *>   2024:13::13/128  2024:192:168:1::13
                                                0             0 13 ?
RS09#sh bgp ipv6 unicast nei 2024:192:168:1::13 adv
BGP table version is 10, local router ID is 192.168.1.9
Status codes: s suppressed, d damped, h history, * valid, > best, i - internal, 
              r RIB-failure, S Stale, m multipath, b backup-path, f RT-Filter, 
              x best-external, a additional-path, c RIB-compressed, 
              t secondary path, L long-lived-stale,
Origin codes: i - IGP, e - EGP, ? - incomplete
RPKI validation codes: V valid, I invalid, N Not found

     Network          Next Hop            Metric LocPrf Weight Path
 *>i  2024:11::11/128  2024:192:168:1::11
                                                0    100      0 11 ?
 *>i  2024:12::12/128  2024:192:168:1::12
                                                0    100      0 12 ?

Total number of prefixes 2 
RS09#sh ipv6 ospf int bri
Interface    PID   Area            Intf ID    Cost  State Nbrs F/C
Gi3          1     0               7          1     DROTH 2/5
Gi2          1     0               6          1     DR    0/0
RS09#sh ipv6 ospf  nei

            OSPFv3 Router with ID (192.168.1.9) (Process ID 1)

Neighbor ID     Pri   State           Dead Time   Interface ID    Interface
192.168.1.7       0   2WAY/DROTHER    00:00:31    7               GigabitEthernet3
192.168.1.8       0   2WAY/DROTHER    00:00:36    7               GigabitEthernet3
192.168.1.10      0   2WAY/DROTHER    00:00:35    7               GigabitEthernet3
192.168.2.1       1   FULL/BDR        00:00:35    6               GigabitEthernet3
192.168.2.2       1   FULL/DR         00:00:34    6               GigabitEthernet3
RS09#
